// Jest Snapshot v1, https://goo.gl/fbAQLP

exports[`computeStyle handles tagged template 1`] = `
"background: red;
        color: blue;"
`;
